// Jest Snapshot v1, https://goo.gl/fbAQLP

exports[`App.vue should match html structure 1`] = `
<div
  id="app"
>
  <messagelist-stub
    messages="New Msg1,New Msg2"
  />
   
  <form-stub />
</div>
`;
